TAP version 13
# node:internal/modules/esm/translators:412
#     throw new ERR_UNKNOWN_BUILTIN_MODULE(url);
#           ^
# Error [ERR_UNKNOWN_BUILTIN_MODULE]: No such built-in module: node:sqlite
#     at ModuleLoader.builtinStrategy (node:internal/modules/esm/translators:412:11)
#     at callTranslator (node:internal/modules/esm/loader:429:14)
#     at ModuleLoader.moduleProvider (node:internal/modules/esm/loader:435:30) {
#   code: 'ERR_UNKNOWN_BUILTIN_MODULE'
# }
# Node.js v22.3.0
# Subtest: src\\modules\\events\\cursor\\database-cursor.adapter.test.ts
not ok 1 - src\\modules\\events\\cursor\\database-cursor.adapter.test.ts
  ---
  duration_ms: 611.7914
  location: 'C:\\Users\\tomio\\Desktop\\VaultDAO\\backend\\src\\modules\\events\\cursor\\database-cursor.adapter.test.ts:1:1'
  failureType: 'testCodeFailure'
  exitCode: 1
  signal: ~
  error: 'test failed'
  code: 'ERR_TEST_FAILURE'
  ...
1..1
# tests 1
# suites 0
# pass 0
# fail 1
# cancelled 0
# skipped 0
# todo 0
# duration_ms 638.2306
